// Jest Snapshot v1, https://goo.gl/fbAQLP

exports[`Footer renders correctly 1`] = `
<footer
  className="sc-gtssRu JMAfz"
>
  <ul
    className="sc-dlnjPT jqSsCc"
  >
    <li>
      <a
        className="icon"
        href="https://linkedin.com"
      >
        <div />
      </a>
    </li>
    <li>
      <a
        className="icon"
        href="https://github.com"
      >
        <div />
      </a>
    </li>
    <li>
      <a
        className="icon"
        href="https://twitter.com"
      >
        <div />
      </a>
    </li>
    <li>
      <a
        className="icon"
        href="https://instagram.com"
      >
        <div />
      </a>
    </li>
  </ul>
  <a
    className="sc-bdnylx eVDkSl"
    href="https://netlify.com"
  >
    <div />
  </a>
</footer>
`;
